[General]
FirstMinTempSavedOn=46062

[HDR]
ESSENCORE SATA SSD (244191 MB)_ESS3B1O27CNA00805=1201
USB SanDisk 3.2Gen1 (58651 MB)_00023018112825032507=83
V TRUST (122103 MB)_YS2019040080=12
ASMT    2115 (0 MB)_614338EE1A62=12
MTFDDAK256MAM-1K12 (244191 MB)_1351095F5AAD=69
MTFDDAV256MBF-1AN15ABHA (244191 MB)_164214546F3D=63
Micron 2200S NVMe 256GB (244191 MB)_1934236D7066=134
KBG60ZNV512G KIOXIA (488382 MB)_9EJCT2TXZ0JS=32
SAMSUNG MZVLB256HAHQ-000H (244191 MB)_S425NX2M101361=11
ADATA SX6000PNP (244191 MB)_2N1829AEQ4EL=74

[HDW]
ESSENCORE SATA SSD (244191 MB)_ESS3B1O27CNA00805=649
INTEL SSDSC2BF180A5L (171702 MB)_CVTR616300FK180BGN=4
? (0 MB)_SERIAL1=2
V TRUST (122103 MB)_YS2019040080=6
ASMT    2115 (0 MB)_614338EE1A62=6
MTFDDAK256MAM-1K12 (244191 MB)_1351095F5AAD=6
MTFDDAV256MBF-1AN15ABHA (244191 MB)_164214546F3D=233
USB SanDisk 3.2Gen1 (58651 MB)_00023018112825032507=5
Micron 2200S NVMe 256GB (244191 MB)_1934236D7066=16
KBG60ZNV512G KIOXIA (488382 MB)_9EJCT2TXZ0JS=101
SAMSUNG MZVLB256HAHQ-000H (244191 MB)_S425NX2M101361=55
ADATA SX6000PNP (244191 MB)_2N1829AEQ4EL=14

[Sta_ESSENCORE SATA SSD (244191 MB)_ESS3B1O27CNA00805]
46062=43,43.00,1,100,43,3246208
MaxTempEverC=43
MaxTempEverCFound=46062.51010,09-02-2026 12:14:32 PM
MinTempEverC=43
MinTempEverCFound=46062.51010,09-02-2026 12:14:32 PM
MaxTempByDriveC=43
Dates=46062

[Sta_SAMSUNG SSD PM851 2.5 7mm 128GB (122103 MB)_S1CTNSAG292520]
46062=0,-1.00,1,81,-1,15794382
MaxTempEverC=-1
MaxTempEverCFound=0.00000,30-12-1899 12:00:00 AM
MinTempEverC=-1
MinTempEverCFound=46062.51010,09-02-2026 12:14:32 PM
MaxTempByDriveC=-1
Dates=46062

[CurrentDrives]
DriveList=#0: SAMSUNG MZVLQ512HALU-000H {HPS4NFXV} / S4UHNX0RB89799 (488382 MB)

[Sta_INTEL SSDSC2BF180A5L (171702 MB)_CVTR616300FK180BGN]
46062=32,31.28,5,28,30,485664
MaxTempEverC=32
MaxTempEverCFound=46062.52225,09-02-2026 12:32:02 PM
MinTempEverC=29
MinTempEverCFound=46062.51267,09-02-2026 12:18:14 PM
MaxTempByDriveC=52
Dates=46062

[Sta_? (0 MB)_SERIAL1]
46062=0,31.28,1,-1,-1,-1
MaxTempEverC=-1
MaxTempEverCFound=0.00000,30-12-1899 12:00:00 AM
MinTempEverC=-1
MinTempEverCFound=0.00000,30-12-1899 12:00:00 AM
MaxTempByDriveC=-1
Dates=46062

[Sta_V TRUST (122103 MB)_YS2019040080]
46062=40,40.00,2,100,40,9385888
MaxTempEverC=40
MaxTempEverCFound=46062.52535,09-02-2026 12:36:30 PM
MinTempEverC=40
MinTempEverCFound=46062.52535,09-02-2026 12:36:30 PM
MaxTempByDriveC=40
Dates=46062

[Sta_ASMT    2115 (0 MB)_614338EE1A62]
46062=0,40.00,3,-1,-1,-1
MaxTempEverC=0
MaxTempEverCFound=46062.00000,09-02-2026 12:00:00 AM
MinTempEverC=-1
MinTempEverCFound=46062.52854,09-02-2026 12:41:06 PM
MaxTempByDriveC=0
Dates=46062

[Sta_MTFDDAK256MAM-1K12 (244191 MB)_1351095F5AAD]
46062=0,-1.00,1,87,-1,-1
MaxTempEverC=-1
MaxTempEverCFound=0.00000,30-12-1899 12:00:00 AM
MinTempEverC=-1
MinTempEverCFound=46062.53208,09-02-2026 12:46:12 PM
MaxTempByDriveC=-1
Dates=46062

[Sta_INTEL SSDPEMKF256G8H (244191 MB)_BTHP9114080V256B]
46132=44,44.00,1,85,0,22643515
MaxTempEverC=44
MaxTempEverCFound=46132.75701,20-04-2026 18:10:05
MinTempEverC=44
MinTempEverCFound=46132.75701,20-04-2026 18:10:05
MaxTempByDriveC=44
Dates=46132

[Sta_SanDisk SD9TB8W256G1001 (244191 MB)_181987801127]
46132=39,39.00,1,94,0,43084800
MaxTempEverC=42
MaxTempEverCFound=45714.58038,26-02-2025 13:55:44
MinTempEverC=39
MinTempEverCFound=46132.75701,20-04-2026 18:10:05
MaxTempByDriveC=59
Dates=46132,46119,45383,45714,46135
46119=41,41.00,1,94,0,43084800
45383=41,41.00,1,94,0,43084800
45714=42,42.00,1,94,0,43084800
46135=41,41.00,1,94,0,43104256

[Sta_Micron 2300 NVMe 256GB (244191 MB)_21022C8FB540]
46119=56,56.00,1,96,0,11564539
MaxTempEverC=56
MaxTempEverCFound=46119.23355,07-04-2026 05:36:18
MinTempEverC=56
MinTempEverCFound=46119.23355,07-04-2026 05:36:18
MaxTempByDriveC=56
Dates=46119

[Sta_KBG50ZNS512G NVMe KIOXIA  (488382 MB)_X28C82ZCE6CK]
45383=49,49.00,1,98,0,4867127
MaxTempEverC=49
MaxTempEverCFound=45383.52200,01-04-2024 12:31:40
MinTempEverC=49
MinTempEverCFound=45383.52200,01-04-2024 12:31:40
MaxTempByDriveC=49
Dates=45383

[Sta_KBG50ZNS256G NVMe KIOXIA  (244191 MB)_Y2RC315YE6AK]
45714=54,54.00,1,63,0,32449190
MaxTempEverC=54
MaxTempEverCFound=45714.58038,26-02-2025 13:55:44
MinTempEverC=54
MinTempEverCFound=45714.58038,26-02-2025 13:55:44
MaxTempByDriveC=54
Dates=45714

[Sta_SanDisk SD7TN3Q-256G-1006 (244191 MB)_170458407693]
46135=39,39.00,1,99,0,-1
MaxTempEverC=39
MaxTempEverCFound=46135.78970,23-04-2026 18:57:10
MinTempEverC=39
MinTempEverCFound=46135.78970,23-04-2026 18:57:10
MaxTempByDriveC=72
Dates=46135

[Sta_WDC PC SN730 SDBPNTY-256G (244191 MB)_20203A804584]
46145=37,37.00,1,88,0,22408717
MaxTempEverC=37
MaxTempEverCFound=46145.26720,03-05-2026 06:24:46
MinTempEverC=37
MinTempEverCFound=46145.26720,03-05-2026 06:24:46
MaxTempByDriveC=37
Dates=46145

[Sta_WDC WD10JPVX-60JC3T1 (953867 MB)_WD-WXE1AA771K44]
46144=38,37.75,2,100,37,-1
MaxTempEverC=38
MaxTempEverCFound=46144.80615,02-05-2026 19:20:51
MinTempEverC=37
MinTempEverCFound=46144.78417,02-05-2026 18:49:12
MaxTempByDriveC=48
Dates=46144

[Sta_MTFDDAV256MBF-1AN15ABHA (244191 MB)_164214546F3D]
46144=52,51.25,2,94,51,0
MaxTempEverC=52
MaxTempEverCFound=46144.78417,02-05-2026 18:49:12
MinTempEverC=51
MinTempEverCFound=46144.80615,02-05-2026 19:20:51
MaxTempByDriveC=60
Dates=46144

[Sta_EVM25/256GB (244191 MB)_ESBMR032516401]
46145=35,35.00,1,100,0,-1
MaxTempEverC=35
MaxTempEverCFound=46145.99634,03-05-2026 23:54:43
MinTempEverC=35
MinTempEverCFound=46145.99634,03-05-2026 23:54:43
MaxTempByDriveC=37
Dates=46145

[Sta_TOSHIBA THNSNK256GVN8 M.2 2280 256GB (244191 MB)_Z6LB60V1KLPU]
46146=38,38.00,1,95,0,9654720
MaxTempEverC=38
MaxTempEverCFound=46146.65800,04-05-2026 15:47:30
MinTempEverC=38
MinTempEverCFound=46146.65800,04-05-2026 15:47:30
MaxTempByDriveC=83
Dates=46146

[Sta_INTEL SSDPEMKF256G8H (244191 MB)_BTHP91220H21256B]
46152=37,37.00,1,16,0,19088659
MaxTempEverC=37
MaxTempEverCFound=46152.05922,5/10/2026 1:25:16 AM
MinTempEverC=37
MinTempEverCFound=46152.05922,5/10/2026 1:25:16 AM
MaxTempByDriveC=37
Dates=46152

[Sta_KXG60ZNV256G KIOXIA (244191 MB)_60OF73D9FL01]
46152=43,43.00,1,96,0,3798680
MaxTempEverC=43
MaxTempEverCFound=46152.62697,10-05-2026 15:02:50
MinTempEverC=43
MinTempEverCFound=46152.62697,10-05-2026 15:02:50
MaxTempByDriveC=43
Dates=46152

[Sta_SK hynix BC711 HFM512GD3J (488382 MB)_FYA6N035812906E64]
46156=65,65.00,1,45,0,14000275
MaxTempEverC=65
MaxTempEverCFound=46156.81919,14-05-2026 19:39:38
MinTempEverC=34
MinTempEverCFound=46160.06680,18-05-2026 01:36:11
MaxTempByDriveC=65
Dates=46156,46160
46160=37,34.75,2,45,34,14036654

[Sta_ST1000LM049-2GH172 (953867 MB)_WN94QPL7]
46157=32,32.00,1,100,0,-1
MaxTempEverC=32
MaxTempEverCFound=46157.66719,15-05-2026 16:00:45
MinTempEverC=32
MinTempEverCFound=46157.66719,15-05-2026 16:00:45
MaxTempByDriveC=44
Dates=46157

[Sta_INTEL SSDPEKNW512G8 (488382 MB)_BTNH12350XXH512A]
46157=35,35.00,1,91,0,30444171
MaxTempEverC=35
MaxTempEverCFound=46157.66719,15-05-2026 16:00:45
MinTempEverC=35
MinTempEverCFound=46157.66719,15-05-2026 16:00:45
MaxTempByDriveC=35
Dates=46157

[Sta_BC711 NVMe SK hynix 512GB (488382 MB)_CDACN82571070CU2X]
46157=40,40.00,1,100,0,15503141
MaxTempEverC=40
MaxTempEverCFound=46157.67005,15-05-2026 16:04:52
MinTempEverC=40
MinTempEverCFound=46157.67005,15-05-2026 16:04:52
MaxTempByDriveC=40
Dates=46157

[Sta_SSD 256GB (244191 MB)_4C78365D01101808200]
46158=40,40.00,1,100,0,939008
MaxTempEverC=40
MaxTempEverCFound=46158.22387,16-05-2026 05:22:22
MinTempEverC=40
MinTempEverCFound=46158.22387,16-05-2026 05:22:22
MaxTempByDriveC=40
Dates=46158

[Sta_ZEB-SD26 (244191 MB)_ZCF15HT22633]
46157=40,40.00,1,92,0,10118304
MaxTempEverC=40
MaxTempEverCFound=46157.56249,15-05-2026 13:29:58
MinTempEverC=40
MinTempEverCFound=46157.56249,15-05-2026 13:29:58
MaxTempByDriveC=40
Dates=46157

[Sta_ZEB-SD26 (244191 MB)_ZCF15HT18328]
46157=40,40.00,1,95,0,-1
MaxTempEverC=40
MaxTempEverCFound=46157.57985,15-05-2026 13:54:58
MinTempEverC=40
MinTempEverCFound=46157.57985,15-05-2026 13:54:58
MaxTempByDriveC=40
Dates=46157

[Sta_ZEB-SD26 (244191 MB)_ZCI14GT08086]
46157=29,29.00,1,99,0,7717984
MaxTempEverC=29
MaxTempEverCFound=46157.98997,15-05-2026 23:45:33
MinTempEverC=29
MinTempEverCFound=46157.98997,15-05-2026 23:45:33
MaxTempByDriveC=29
Dates=46157

[Sta_KBG40ZNS512G NVMe KIOXIA  (488382 MB)_12BPC5H1QXD3]
46160=42,42.00,1,89,0,36583069
MaxTempEverC=42
MaxTempEverCFound=46160.06680,18-05-2026 01:36:11
MinTempEverC=42
MinTempEverCFound=46160.06680,18-05-2026 01:36:11
MaxTempByDriveC=42
Dates=46160

[Sta_BC711 NVMe SK hynix 512GB (488382 MB)_CYACN00471070C56M]
46160=55,55.00,1,100,0,18211306
MaxTempEverC=55
MaxTempEverCFound=46160.22127,18-05-2026 05:18:37
MinTempEverC=55
MinTempEverCFound=46160.22127,18-05-2026 05:18:37
MaxTempByDriveC=55
Dates=46160

[Sta_ZEB-SD26 (244191 MB)_ZCF15HT18326]
46162=40,40.00,1,66,0,-1
MaxTempEverC=40
MaxTempEverCFound=46162.78938,20-05-2026 18:56:42
MinTempEverC=40
MinTempEverCFound=46162.78938,20-05-2026 18:56:42
MaxTempByDriveC=40
Dates=46162

[Sta_MTFDDAV256TBN-1AR15ABHA (244191 MB)_UFZNP01ZRACOU7]
46163=55,55.00,1,98,0,7778844
MaxTempEverC=55
MaxTempEverCFound=46163.68211,21-05-2026 16:22:14
MinTempEverC=55
MinTempEverCFound=46163.68211,21-05-2026 16:22:14
MaxTempByDriveC=67
Dates=46163

[Sta_KXG60ZNV256G KIOXIA (244191 MB)_60OFA1NQFL01]
46163=47,47.00,1,85,0,11310563
MaxTempEverC=47
MaxTempEverCFound=46163.71002,21-05-2026 17:02:25
MinTempEverC=47
MinTempEverCFound=46163.71002,21-05-2026 17:02:25
MaxTempByDriveC=47
Dates=46163

[Sta_Micron 2200S NVMe 256GB (244191 MB)_1934236D7066]
46164=41,42.00,2,52,41,2300768
MaxTempEverC=41
MaxTempEverCFound=46164.65967,22-05-2026 15:49:55
MinTempEverC=41
MinTempEverCFound=46164.65967,22-05-2026 15:49:55
MaxTempByDriveC=41
Dates=46164

[Sta_Geonix SATA III -256GB (244191 MB)_TAWH256604201919]
44822=45,45.00,1,100,0,18400
MaxTempEverC=45
MaxTempEverCFound=44822.04014,18-09-2022 00:57:47
MinTempEverC=45
MinTempEverCFound=44822.04014,18-09-2022 00:57:47
MaxTempByDriveC=45
Dates=44822

[Sta_KXG60ZNV256G KIOXIA (244191 MB)_Z0BA2142KEN2]
46165=33,33.00,1,100,0,182528
MaxTempEverC=33
MaxTempEverCFound=46165.77043,23-05-2026 18:29:25
MinTempEverC=33
MinTempEverCFound=46165.77043,23-05-2026 18:29:25
MaxTempByDriveC=33
Dates=46165

[Sta_SAMSUNG MZVLB256HBHQ-000H (244191 MB)_S4GPNF0N618643]
46167=78,78.00,1,95,0,28038220
MaxTempEverC=78
MaxTempEverCFound=46167.03936,25-05-2026 00:56:40
MinTempEverC=46
MinTempEverCFound=46221.72249,18-07-2026 17:20:23
MaxTempByDriveC=78
Dates=46167,46221
46221=46,46.00,1,95,0,28720443

[Sta_INTEL SSDPEKNW512G8H (488382 MB)_BTNH11330J1V512A]
46168=35,35.00,1,96,0,10572626
MaxTempEverC=35
MaxTempEverCFound=46168.17957,26-05-2026 04:18:34
MinTempEverC=35
MinTempEverCFound=46168.17957,26-05-2026 04:18:34
MaxTempByDriveC=35
Dates=46168

[Sta_KBG60ZNV512G KIOXIA (488382 MB)_9EJCT2TXZ0JS]
46167=35,35.00,1,99,0,3792205
MaxTempEverC=35
MaxTempEverCFound=46167.77015,25-05-2026 18:29:01
MinTempEverC=35
MinTempEverCFound=46167.77015,25-05-2026 18:29:01
MaxTempByDriveC=35
Dates=46167

[Sta_MTFDDAV256TBN-1AR15ABHA (244191 MB)_UGXVR01ZRB1E5C]
46169=39,39.00,1,97,0,9294903
MaxTempEverC=39
MaxTempEverCFound=46169.64593,27-05-2026 15:30:08
MinTempEverC=39
MinTempEverCFound=46169.64593,27-05-2026 15:30:08
MaxTempByDriveC=54
Dates=46169

[Sta_Samsung SSD 850 PRO 256GB (244191 MB)_S39KNX0J599668E]
46172=37,37.00,1,98,0,5635166
MaxTempEverC=37
MaxTempEverCFound=46172.52190,30-05-2026 12:31:32
MinTempEverC=37
MinTempEverCFound=46172.52190,30-05-2026 12:31:32
MaxTempByDriveC=41
Dates=46172

[Sta_KINGSTON SA400S37480G (457860 MB)_50026B7382D9692B]
46172=33,33.00,1,100,0,1153024
MaxTempEverC=33
MaxTempEverCFound=46172.53664,30-05-2026 12:52:45
MinTempEverC=33
MinTempEverCFound=46172.53664,30-05-2026 12:52:45
MaxTempByDriveC=38
Dates=46172

[Sta_KBG5AZNV256G LA KIOXIA (244191 MB)_Z1GC38QTEN85]
46172=31,31.00,1,95,0,7374236
MaxTempEverC=31
MaxTempEverCFound=46172.64715,30-05-2026 15:31:54
MinTempEverC=31
MinTempEverCFound=46172.64715,30-05-2026 15:31:54
MaxTempByDriveC=31
Dates=46172

[Sta_KBG5AZNV256G LA KIOXIA (244191 MB)_22MC72RCEN85]
46097=33,33.00,1,93,0,10758189
MaxTempEverC=33
MaxTempEverCFound=46097.42090,16-03-2026 10:06:05
MinTempEverC=33
MinTempEverCFound=46097.42090,16-03-2026 10:06:05
MaxTempByDriveC=33
Dates=46097

[Sta_SKHynix_HFS256GDE9X081N (244191 MB)_FYB6N020315906D6L]
46171=40,40.00,1,100,0,5661573
MaxTempEverC=40
MaxTempEverCFound=46171.18853,29-05-2026 04:31:28
MinTempEverC=40
MinTempEverCFound=46171.18853,29-05-2026 04:31:28
MaxTempByDriveC=40
Dates=46171

[Sta_SKHynix_HFS256GDE9X081N (244191 MB)_FYB6N020315906D1Z]
46172=43,43.00,1,100,0,8865003
MaxTempEverC=43
MaxTempEverCFound=46172.71216,30-05-2026 17:05:30
MinTempEverC=43
MinTempEverCFound=46172.71216,30-05-2026 17:05:30
MaxTempByDriveC=43
Dates=46172

[Sta_KBG5AZNV256G LA KIOXIA (244191 MB)_Z1GC38A4EN85]
46174=33,33.00,1,95,0,7800546
MaxTempEverC=33
MaxTempEverCFound=46174.48523,01-06-2026 11:38:43
MinTempEverC=33
MinTempEverCFound=46174.48523,01-06-2026 11:38:43
MaxTempByDriveC=33
Dates=46174

[Sta_SKHynix_HFS256GDE9X081N (244191 MB)_FYB6N020315906D5T]
46174=41,41.00,1,100,0,8648031
MaxTempEverC=41
MaxTempEverCFound=46174.49185,01-06-2026 11:48:16
MinTempEverC=41
MinTempEverCFound=46174.49185,01-06-2026 11:48:16
MaxTempByDriveC=41
Dates=46174

[Sta_SAMSUNG MZVLB512HBJQ-000L (488382 MB)_S4ENNF2N152174]
46174=41,41.00,1,97,0,47393688
MaxTempEverC=41
MaxTempEverCFound=46174.73203,01-06-2026 17:34:07
MinTempEverC=41
MinTempEverCFound=46174.73203,01-06-2026 17:34:07
MaxTempByDriveC=41
Dates=46174

[Sta_WD PC SN5000S SDEPNSJ-1T0 (976756 MB)_241303805008]
46174=34,34.00,1,96,0,30660994
MaxTempEverC=34
MaxTempEverCFound=46174.84124,01-06-2026 20:11:22
MinTempEverC=34
MinTempEverCFound=46174.84124,01-06-2026 20:11:22
MaxTempByDriveC=34
Dates=46174

[Sta_FZ SSD F650 NGFF 2280 256GB (244191 MB)_AA000000000000002595]
46182=30,30.00,1,100,0,11557792
MaxTempEverC=30
MaxTempEverCFound=46182.66225,09-06-2026 15:53:38
MinTempEverC=30
MinTempEverCFound=46182.66225,09-06-2026 15:53:38
MaxTempByDriveC=30
Dates=46182

[Sta_SAMSUNG MZVLB256HBHQ-000L (244191 MB)_S4ELNX1R853506]
46182=55,55.00,1,99,0,4783860
MaxTempEverC=55
MaxTempEverCFound=46182.87605,09-06-2026 21:01:30
MinTempEverC=55
MinTempEverCFound=46182.87605,09-06-2026 21:01:30
MaxTempByDriveC=55
Dates=46182

[Sta_WDC PC SN730 SDBQNTY-256G (244191 MB)_19507W489805]
46183=49,49.00,1,84,0,62710113
MaxTempEverC=49
MaxTempEverCFound=46183.57362,10-06-2026 13:46:00
MinTempEverC=49
MinTempEverCFound=46183.57362,10-06-2026 13:46:00
MaxTempByDriveC=49
Dates=46183

[Sta_SAMSUNG MZALQ512HBLU-00BL (488382 MB)_S65CNX0T678335]
45383=58,58.00,1,90,0,36937512
MaxTempEverC=58
MaxTempEverCFound=45383.51640,01-04-2024 12:23:37
MinTempEverC=58
MinTempEverCFound=45383.51640,01-04-2024 12:23:37
MaxTempByDriveC=58
Dates=45383

[Sta_SAMSUNG MZVLB512HBJQ-000L (488382 MB)_S4ENNF2N157743]
46187=44,44.00,1,100,0,10945415
MaxTempEverC=44
MaxTempEverCFound=46187.50008,14-06-2026 12:00:06
MinTempEverC=44
MinTempEverCFound=46187.50008,14-06-2026 12:00:06
MaxTempByDriveC=44
Dates=46187

[Sta_TOSHIBA MQ01ABD100 (953867 MB)_78D4SFOMS]
46189=32,32.00,1,100,0,-1
MaxTempEverC=32
MaxTempEverCFound=46189.60092,16-06-2026 14:25:19
MinTempEverC=32
MinTempEverCFound=46189.60092,16-06-2026 14:25:19
MaxTempByDriveC=52
Dates=46189

[Sta_SAMSUNG MZVLB256HAHQ-000H (244191 MB)_S425NX2M101361]
46189=47,47.50,1,-1,0,30864464
MaxTempEverC=48
MaxTempEverCFound=46189.60092,16-06-2026 14:25:19
MinTempEverC=47
MinTempEverCFound=46189.60093,16-06-2026 14:25:20
MaxTempByDriveC=48
Dates=46189

[Sta_Micron MTFDKCD512QGN-1BN1 (488382 MB)_260155576135]
46189=46,46.00,1,100,0,1534386
MaxTempEverC=46
MaxTempEverCFound=46189.83603,16-06-2026 20:03:52
MinTempEverC=46
MinTempEverCFound=46189.83603,16-06-2026 20:03:52
MaxTempByDriveC=46
Dates=46189

[Sta_SAMSUNG MZVLQ512HBLU-00B0 (488382 MB)_S6F5NJ0RB60668]
46190=49,49.00,1,92,0,30031646
MaxTempEverC=49
MaxTempEverCFound=46190.44433,17-06-2026 10:39:49
MinTempEverC=49
MinTempEverCFound=46190.44433,17-06-2026 10:39:49
MaxTempByDriveC=49
Dates=46190

[Sta_WDC PC SN720 SDAPNTW-256G (244191 MB)_202118803288]
46190=45,45.00,1,98,0,6372738
MaxTempEverC=45
MaxTempEverCFound=46190.00354,6/17/2026 12:05:05 AM
MinTempEverC=45
MinTempEverCFound=46190.00354,6/17/2026 12:05:05 AM
MaxTempByDriveC=45
Dates=46190

[Sta_SKHynix_HFS256GDE9X081N (244191 MB)_CYB6N022010506F5T]
46190=62,62.00,1,100,0,6996595
MaxTempEverC=62
MaxTempEverCFound=46190.00920,6/17/2026 12:13:14 AM
MinTempEverC=62
MinTempEverCFound=46190.00920,6/17/2026 12:13:14 AM
MaxTempByDriveC=62
Dates=46190

[Sta_SKHynix_HFS256GDE9X081N (244191 MB)_FJB6N44181070663M]
46191=52,52.00,1,100,0,10047857
MaxTempEverC=52
MaxTempEverCFound=46191.07410,18-06-2026 01:46:42
MinTempEverC=52
MinTempEverCFound=46191.07410,18-06-2026 01:46:42
MaxTempByDriveC=52
Dates=46191

[Sta_PC SN530 NVMe WDC 256GB (244191 MB)_203718803214]
46190=49,49.00,1,67,0,26538701
MaxTempEverC=49
MaxTempEverCFound=46190.68597,17-06-2026 16:27:48
MinTempEverC=49
MinTempEverCFound=46190.68597,17-06-2026 16:27:48
MaxTempByDriveC=49
Dates=46190

[Sta_WD PC SN740 SDDQMQD-512G- (488382 MB)_2326NA402491]
46193=31,31.00,1,99,0,11716534
MaxTempEverC=31
MaxTempEverCFound=46193.04493,20-06-2026 01:04:42
MinTempEverC=31
MinTempEverCFound=46193.04493,20-06-2026 01:04:42
MaxTempByDriveC=31
Dates=46193

[Sta_WD PC SN740 SDDQMQD-512G- (488382 MB)_2326NA402331]
46193=33,33.00,1,99,0,11060455
MaxTempEverC=33
MaxTempEverCFound=46193.04736,20-06-2026 01:08:11
MinTempEverC=33
MinTempEverCFound=46193.04736,20-06-2026 01:08:11
MaxTempByDriveC=33
Dates=46193

[Sta_ST1000LM035-1RK172 (953867 MB)_WKPDRJ5T]
45867=24,24.00,1,100,0,-1
MaxTempEverC=24
MaxTempEverCFound=45867.49257,29-07-2025 11:49:17
MinTempEverC=24
MinTempEverCFound=45867.49257,29-07-2025 11:49:17
MaxTempByDriveC=46
Dates=45867

[Sta_KBG40ZNS256G NVMe KIOXIA  (244191 MB)_40PPG1D6PTLL]
45867=36,36.00,1,89,0,15383688
MaxTempEverC=36
MaxTempEverCFound=45867.49257,29-07-2025 11:49:17
MinTempEverC=36
MinTempEverCFound=45867.49257,29-07-2025 11:49:17
MaxTempByDriveC=36
Dates=45867

[Sta_SAMSUNG MZVLQ512HBLU-00BH (488382 MB)_S671NE0T234634]
45867=51,39.75,2,99,36,9381096
MaxTempEverC=51
MaxTempEverCFound=45792.16010,15-05-2025 03:50:32
MinTempEverC=36
MinTempEverCFound=45867.46807,29-07-2025 11:14:00
MaxTempByDriveC=51
Dates=45867

[Sta_KBG50ZNV512G KIOXIA (488382 MB)_82JPHGK5QXR5]
45794=34,34.00,1,99,0,6231373
MaxTempEverC=34
MaxTempEverCFound=45794.14027,17-05-2025 03:21:59
MinTempEverC=34
MinTempEverCFound=45794.14027,17-05-2025 03:21:59
MaxTempByDriveC=34
Dates=45794

[Sta_Geonix SATA III -256GB (244191 MB)_TAWH256604201824]
46200=39,39.00,1,100,0,18880
MaxTempEverC=39
MaxTempEverCFound=46200.54809,27-06-2026 13:09:15
MinTempEverC=39
MinTempEverCFound=46200.54809,27-06-2026 13:09:15
MaxTempByDriveC=39
Dates=46200

[Sta_SOLIDIGM SSDPFINW512GZL (488382 MB)_BTEH34120UGY512D]
46201=28,28.00,1,96,0,6110119
MaxTempEverC=28
MaxTempEverCFound=46201.72609,28-06-2026 17:25:33
MinTempEverC=28
MinTempEverCFound=46201.72609,28-06-2026 17:25:33
MaxTempByDriveC=28
Dates=46201

[Sta_PM9A1 NVMe Samsung 256GB (244191 MB)_S65TNF0R903712]
46204=40,40.00,1,100,0,1395192
MaxTempEverC=40
MaxTempEverCFound=46204.20003,01-07-2026 04:48:02
MinTempEverC=40
MinTempEverCFound=46204.20003,01-07-2026 04:48:02
MaxTempByDriveC=40
Dates=46204

[Sta_SanDisk X400 M.2 2280 256GB (244191 MB)_170508802047]
46203=35,35.00,1,90,0,11476944
MaxTempEverC=35
MaxTempEverCFound=46203.17681,6/30/2026 4:14:36 AM
MinTempEverC=35
MinTempEverCFound=46203.17681,6/30/2026 4:14:36 AM
MaxTempByDriveC=74
Dates=46203

[Sta_Sandisk Bics (244191 MB)_AA000000000000001109]
46203=31,31.00,1,100,0,120704
MaxTempEverC=31
MaxTempEverCFound=46203.19297,6/30/2026 4:37:52 AM
MinTempEverC=31
MinTempEverCFound=46203.19297,6/30/2026 4:37:52 AM
MaxTempByDriveC=31
Dates=46203

[Sta_PC601 SED NVMe SK hynix 2 (244191 MB)_AJ9BN49531050BB3P]
46203=44,42.78,3,91,41,39543382
MaxTempEverC=44
MaxTempEverCFound=46203.73486,6/30/2026 5:38:11 PM
MinTempEverC=41
MinTempEverCFound=46203.72739,6/30/2026 5:27:26 PM
MaxTempByDriveC=44
Dates=46203

[Sta_POWER X MS1000 (244191 MB)_PWN2307256G1813]
46203=40,40.00,1,100,0,225280
MaxTempEverC=40
MaxTempEverCFound=46203.51138,6/30/2026 12:16:23 PM
MinTempEverC=40
MinTempEverCFound=46203.51138,6/30/2026 12:16:23 PM
MaxTempByDriveC=40
Dates=46203

[Sta_NE-256 2280 (244191 MB)_0007957002444]
46203=38,38.00,1,100,0,196880
MaxTempEverC=38
MaxTempEverCFound=46203.22605,6/30/2026 5:25:30 AM
MinTempEverC=38
MinTempEverCFound=46203.22605,6/30/2026 5:25:30 AM
MaxTempByDriveC=38
Dates=46203

[Sta_BLUE FEATHER SSD (244191 MB)_AA000000000000003650]
46203=52,52.00,1,100,0,245550
MaxTempEverC=52
MaxTempEverCFound=46203.22579,6/30/2026 5:25:08 AM
MinTempEverC=52
MinTempEverCFound=46203.22579,6/30/2026 5:25:08 AM
MaxTempByDriveC=52
Dates=46203

[Sta_POWER X MS1000 (244191 MB)_PWN2307256G1024]
46203=40,40.00,1,100,0,666624
MaxTempEverC=40
MaxTempEverCFound=46203.74952,6/30/2026 5:59:18 PM
MinTempEverC=40
MinTempEverCFound=46203.74952,6/30/2026 5:59:18 PM
MaxTempByDriveC=40
Dates=46203

[Sta_LITEON L8H-256V2G-41 M.2 2280 256GB SED (244191 MB)_TW0PV3P45508565AB1EE]
46203=0,-1.00,2,100,-1,27933376
MaxTempEverC=0
MaxTempEverCFound=46203.00000,6/30/2026 12:00:00 AM
MinTempEverC=-1
MinTempEverCFound=46203.75916,6/30/2026 6:13:11 PM
MaxTempByDriveC=0
Dates=46203

[Sta_Micron 2300 NVMe 256GB (244191 MB)_21252FAB4A72]
46205=44,44.00,1,93,0,20991845
MaxTempEverC=44
MaxTempEverCFound=46205.68228,02-07-2026 16:22:29
MinTempEverC=44
MinTempEverCFound=46205.68228,02-07-2026 16:22:29
MaxTempByDriveC=44
Dates=46205

[Sta_WDC WD5000LPVX-08V0TT5 (476937 MB)_WD-WXA1AA4N4XDR]
46205=30,30.00,1,100,0,-1
MaxTempEverC=30
MaxTempEverCFound=46205.68228,02-07-2026 16:22:29
MinTempEverC=30
MinTempEverCFound=46205.68228,02-07-2026 16:22:29
MaxTempByDriveC=52
Dates=46205

[Sta_PM981a NVMe Samsung 512GB (488382 MB)_S4GTNE0M619225]
46208=45,45.00,1,97,0,20734587
MaxTempEverC=45
MaxTempEverCFound=46208.48114,7/5/2026 11:32:50 AM
MinTempEverC=45
MinTempEverCFound=46208.48114,7/5/2026 11:32:50 AM
MaxTempByDriveC=45
Dates=46208

[Sta_2400A NVMe Micron 512GB (488382 MB)_2421490F9DEF]
46210=33,33.00,1,99,0,2879717
MaxTempEverC=33
MaxTempEverCFound=46210.67136,7/7/2026 4:06:45 PM
MinTempEverC=33
MinTempEverCFound=46210.67136,7/7/2026 4:06:45 PM
MaxTempByDriveC=33
Dates=46210

[Sta_SAMSUNG MZVLB256HAHQ-000L (244191 MB)_S41GNX0M752428]
46212=39,39.00,1,96,0,17724729
MaxTempEverC=39
MaxTempEverCFound=46212.71222,7/9/2026 5:05:35 PM
MinTempEverC=39
MinTempEverCFound=46212.71222,7/9/2026 5:05:35 PM
MaxTempByDriveC=39
Dates=46212

[Sta_SanDisk SD8SN8U-256G-1006 (244191 MB)_163444428752]
46212=41,41.00,1,92,0,28738128
MaxTempEverC=41
MaxTempEverCFound=46212.27199,7/9/2026 6:31:39 AM
MinTempEverC=41
MinTempEverCFound=46212.27199,7/9/2026 6:31:39 AM
MaxTempByDriveC=72
Dates=46212

[Sta_HGST HTS725050A7E630 (476937 MB)_TF755AY9KX47UM]
46214=27,27.00,1,95,0,-1
MaxTempEverC=27
MaxTempEverCFound=46214.50814,11-07-2026 12:11:43
MinTempEverC=27
MinTempEverCFound=46214.50814,11-07-2026 12:11:43
MaxTempByDriveC=59
Dates=46214

[Sta_KXG60ZNV256G NVMe KIOXIA  (244191 MB)_816FC6XPF8J3]
46214=32,32.00,1,40,0,56938103
MaxTempEverC=32
MaxTempEverCFound=46214.50814,11-07-2026 12:11:43
MinTempEverC=32
MinTempEverCFound=46214.50814,11-07-2026 12:11:43
MaxTempByDriveC=32
Dates=46214

[Sta_KBG40ZNS256G NVMe KIOXIA  (244191 MB)_40EPD1DEPTLL]
46214=39,39.00,1,53,0,90357100
MaxTempEverC=39
MaxTempEverCFound=46214.50814,11-07-2026 12:11:43
MinTempEverC=39
MinTempEverCFound=46214.50814,11-07-2026 12:11:43
MaxTempByDriveC=39
Dates=46214

[Sta_ADATA SX6000PNP (244191 MB)_2N1829AEQ4EL]
46221=35,35.00,1,100,0,1360047
MaxTempEverC=35
MaxTempEverCFound=46221.54185,18-07-2026 13:00:15
MinTempEverC=35
MinTempEverCFound=46221.54185,18-07-2026 13:00:15
MaxTempByDriveC=35
Dates=46221

[Sta_KXG60ZNV256G NVMe KIOXIA  (244191 MB)_X1EA236TK9H3]
46226=35,35.00,1,62,0,30081076
MaxTempEverC=35
MaxTempEverCFound=46226.00776,23-07-2026 00:11:10
MinTempEverC=35
MinTempEverCFound=46226.00776,23-07-2026 00:11:10
MaxTempByDriveC=35
Dates=46226

[Sta_SAMSUNG MZNLN256HAJQ-000H7 (244191 MB)_S3T7NA0M709345]
46226=46,46.00,1,74,0,120359040
MaxTempEverC=46
MaxTempEverCFound=46226.14811,23-07-2026 03:33:16
MinTempEverC=46
MinTempEverCFound=46226.14811,23-07-2026 03:33:16
MaxTempByDriveC=60
Dates=46226

[Sta_KXG60ZNV256G NVMe KIOXIA  (244191 MB)_X1DA29M4K9H3]
46226=43,43.00,1,73,0,20257897
MaxTempEverC=43
MaxTempEverCFound=46226.30086,23-07-2026 07:13:14
MinTempEverC=43
MinTempEverCFound=46226.30086,23-07-2026 07:13:14
MaxTempByDriveC=43
Dates=46226

[Sta_SAMSUNG MZVLQ512HALU-000H (488382 MB)_S4UHNX0RB89799]
46226=64,64.00,1,97,0,14061375
MaxTempEverC=64
MaxTempEverCFound=46226.82056,23-07-2026 19:41:36
MinTempEverC=64
MinTempEverCFound=46226.82056,23-07-2026 19:41:36
MaxTempByDriveC=64
Dates=46226

